// Jest Snapshot v1, https://goo.gl/fbAQLP

exports[`Nav component matches snapshot 1`] = `
<DocumentFragment>
  <nav
    id="navbar"
  >
    <ul>
      <li>
        <a
          activeclassname="active"
          aria-current="page"
          class="active"
          href="/"
        >
          Rockets
        </a>
      </li>
      <li>
        <a
          activeclassname="active"
          class=""
          href="/missions"
        >
          Missions
        </a>
      </li>
      <li>
        <a
          activeclassname="active"
          class=""
          href="/myprofile"
        >
          My Profile
        </a>
      </li>
    </ul>
  </nav>
</DocumentFragment>
`;
